bugginess
an inadequate vision
insufficient data
laziness
idleness
bad code
lack of vision
an outbreak of locusts
global warming
a server failure
malevolent code
loss of direction
poor planning
misguided youth
an inopportune headache
illness
vertigo
a bee sting
an existential crisis
a personal issue
spiders
a flat tire
a flood


